2026-09-12 18:47:39 [INFO] VPNDaemon: Запуск демона в режиме самопроверки на 2 итераций...
2026-09-12 18:47:43 [INFO] VPNDaemon: VPN Watchdog Daemon остановлен.
2026-09-12 18:47:43 [INFO] VPNDaemon: Самопроверка успешно завершена.
2026-09-12 18:48:09 [INFO] VPNDaemon: Запуск демона в режиме самопроверки на 2 итераций...
2026-09-12 18:48:09 [INFO] VPNDaemon: ============================================================
2026-09-12 18:48:09 [INFO] VPNDaemon: 🚀 ЗАПУСК МОДУЛЯ 4 (VPN Watchdog Daemon)
2026-09-12 18:48:09 [INFO] VPNDaemon:   Интервал проверки:  0.5 сек
2026-09-12 18:48:09 [INFO] VPNDaemon:   Таймаут запроса:    3.5 сек
2026-09-12 18:48:09 [INFO] VPNDaemon:   Лимит сбоев:        3 подряд
2026-09-12 18:48:09 [INFO] VPNDaemon:   Локальный прокси:   127.0.0.1:2080
2026-09-12 18:48:09 [INFO] VPNDaemon:   Контрольный URL:    http://www.gstatic.com/generate_204
2026-09-12 18:48:09 [INFO] VPNDaemon:   Файл журнала:       /app/applet/vpn_daemon.log
2026-09-12 18:48:09 [INFO] VPNDaemon: ============================================================
2026-09-12 18:48:09 [INFO] VPNDaemon: ℹ Режим симуляции ядра (mock_core=True): бинарник sing-box не запускается.
2026-09-12 18:48:10 [WARNING] VPNDaemon: ✗ Сбой проверки связи (1/3): Локальный прокси-порт недоступен (ядро упало)
2026-09-12 18:48:10 [WARNING] VPNDaemon: ✗ Сбой проверки связи (2/3): Локальный прокси-порт недоступен (ядро упало)
2026-09-12 18:48:10 [INFO] VPNDaemon: Достигнут лимит итераций (2). Завершение цикла мониторинга...
2026-09-12 18:48:10 [INFO] VPNDaemon: VPN Watchdog Daemon остановлен.
2026-09-12 18:48:10 [INFO] VPNDaemon: Самопроверка успешно завершена.
2026-09-12 18:48:14 [INFO] VPNDaemon: Запуск демона в режиме самопроверки на 4 итераций...
2026-09-12 18:48:14 [INFO] VPNDaemon: ============================================================
2026-09-12 18:48:14 [INFO] VPNDaemon: 🚀 ЗАПУСК МОДУЛЯ 4 (VPN Watchdog Daemon)
2026-09-12 18:48:14 [INFO] VPNDaemon:   Интервал проверки:  0.5 сек
2026-09-12 18:48:14 [INFO] VPNDaemon:   Таймаут запроса:    3.5 сек
2026-09-12 18:48:14 [INFO] VPNDaemon:   Лимит сбоев:        3 подряд
2026-09-12 18:48:14 [INFO] VPNDaemon:   Локальный прокси:   127.0.0.1:2080
2026-09-12 18:48:14 [INFO] VPNDaemon:   Контрольный URL:    http://www.gstatic.com/generate_204
2026-09-12 18:48:14 [INFO] VPNDaemon:   Файл журнала:       /app/applet/vpn_daemon.log
2026-09-12 18:48:14 [INFO] VPNDaemon: ============================================================
2026-09-12 18:48:14 [INFO] VPNDaemon: ℹ Режим симуляции ядра (mock_core=True): бинарник sing-box не запускается.
2026-09-12 18:48:15 [WARNING] VPNDaemon: ✗ Сбой проверки связи (1/3): Локальный прокси-порт недоступен (ядро упало)
2026-09-12 18:48:15 [WARNING] VPNDaemon: ✗ Сбой проверки связи (2/3): Локальный прокси-порт недоступен (ядро упало)
2026-09-12 18:48:16 [WARNING] VPNDaemon: ✗ Сбой проверки связи (3/3): Локальный прокси-порт недоступен (ядро упало)
2026-09-12 18:48:16 [WARNING] VPNDaemon: =================================================================
2026-09-12 18:48:16 [WARNING] VPNDaemon: 🚨 СБОЙ СОЕДИНЕНИЯ: 3 сбоев подряд (Локальный прокси-порт недоступен (ядро упало))
2026-09-12 18:48:16 [WARNING] VPNDaemon: Инициирован процесс переключения на резервный сервер...
2026-09-12 18:48:16 [INFO] VPNDaemon: Выбран сервер #2/19 (Пинг: 99 ms, URI: vless://e2b8b217-cffb-4d66-9b8b-eca6e4334032@13.23...)
2026-09-12 18:48:16 [INFO] VPNDaemon: ✓ Конфигурация ядра 'config.json' обновлена под новый узел.
2026-09-12 18:48:16 [INFO] VPNDaemon: Перезапуск ядра с обновленной конфигурацией...
2026-09-12 18:48:16 [INFO] VPNDaemon: ℹ Режим симуляции ядра (mock_core=True): бинарник sing-box не запускается.
2026-09-12 18:48:16 [WARNING] VPNDaemon: ✓ Переключение завершено. Ядро перезапущено.
2026-09-12 18:48:16 [WARNING] VPNDaemon: =================================================================
2026-09-12 18:48:18 [WARNING] VPNDaemon: ✗ Сбой проверки связи (1/3): Локальный прокси-порт недоступен (ядро упало)
2026-09-12 18:48:18 [INFO] VPNDaemon: Достигнут лимит итераций (4). Завершение цикла мониторинга...
2026-09-12 18:48:18 [INFO] VPNDaemon: VPN Watchdog Daemon остановлен.
2026-09-12 18:48:18 [INFO] VPNDaemon: Самопроверка успешно завершена.
2026-09-12 18:48:28 [INFO] VPNDaemon: Запуск демона в режиме самопроверки на 4 итераций...
2026-09-12 18:48:28 [INFO] VPNDaemon: ============================================================
2026-09-12 18:48:28 [INFO] VPNDaemon: 🚀 ЗАПУСК МОДУЛЯ 4 (VPN Watchdog Daemon)
2026-09-12 18:48:28 [INFO] VPNDaemon:   Интервал проверки:  0.5 сек
2026-09-12 18:48:28 [INFO] VPNDaemon:   Таймаут запроса:    3.5 сек
2026-09-12 18:48:28 [INFO] VPNDaemon:   Лимит сбоев:        3 подряд
2026-09-12 18:48:28 [INFO] VPNDaemon:   Локальный прокси:   127.0.0.1:2080
2026-09-12 18:48:28 [INFO] VPNDaemon:   Контрольный URL:    http://www.gstatic.com/generate_204
2026-09-12 18:48:28 [INFO] VPNDaemon:   Файл журнала:       /app/applet/vpn_daemon.log
2026-09-12 18:48:28 [INFO] VPNDaemon: ============================================================
2026-09-12 18:48:28 [INFO] VPNDaemon: ℹ Режим симуляции ядра (mock_core=True): бинарник sing-box не запускается.
2026-09-12 18:48:29 [WARNING] VPNDaemon: ✗ Сбой проверки связи (1/3): Локальный прокси-порт недоступен (ядро упало)
2026-09-12 18:48:30 [WARNING] VPNDaemon: ✗ Сбой проверки связи (2/3): Локальный прокси-порт недоступен (ядро упало)
2026-09-12 18:48:30 [WARNING] VPNDaemon: ✗ Сбой проверки связи (3/3): Локальный прокси-порт недоступен (ядро упало)
2026-09-12 18:48:30 [WARNING] VPNDaemon: =================================================================
2026-09-12 18:48:30 [WARNING] VPNDaemon: 🚨 СБОЙ СОЕДИНЕНИЯ: 3 сбоев подряд (Локальный прокси-порт недоступен (ядро упало))
2026-09-12 18:48:30 [WARNING] VPNDaemon: Инициирован процесс переключения на резервный сервер...
2026-09-12 18:48:30 [INFO] VPNDaemon: Выбран сервер #2/19 (Пинг: 99 ms, URI: vless://e2b8b217-cffb-4d66-9b8b-eca6e4334032@13.23...)
2026-09-12 18:48:30 [INFO] VPNDaemon: ✓ Конфигурация ядра 'config.json' обновлена под новый узел.
2026-09-12 18:48:30 [INFO] VPNDaemon: Перезапуск ядра с обновленной конфигурацией...
2026-09-12 18:48:31 [INFO] VPNDaemon: ℹ Режим симуляции ядра (mock_core=True): бинарник sing-box не запускается.
2026-09-12 18:48:31 [WARNING] VPNDaemon: ✓ Переключение завершено. Ядро перезапущено.
2026-09-12 18:48:31 [WARNING] VPNDaemon: =================================================================
2026-09-12 18:48:33 [WARNING] VPNDaemon: ✗ Сбой проверки связи (1/3): Локальный прокси-порт недоступен (ядро упало)
2026-09-12 18:48:33 [INFO] VPNDaemon: Достигнут лимит итераций (4). Завершение цикла мониторинга...
2026-09-12 18:48:33 [INFO] VPNDaemon: VPN Watchdog Daemon остановлен.
2026-09-12 18:48:33 [INFO] VPNDaemon: Самопроверка успешно завершена.
